
*** Start of List File:test5.asm     Completed        2024-02-06 12:29:43.525263

LN# ADDR  OPCD DATA                    SOURCE
------------------------------------------------------------------------------------------------------------------------------------
  1                                      ; test the ALU and Flags
  2
  3                                      start:
  4 0000  (00) 0000                              nop
  5 0002  (66) CC00 0000                         loadimm r0,0
  6 0006  (66) CC40 0001                         loadimm r1,1
  7 000A  (66) CC80 0002                         loadimm r2,2
  8 000E  (66) CCC0 0003                         loadimm r3,3
  9 0012  (66) CDC0 F000                         loadimm r7,#F000
 10 0016  (2B) 5638                              putsp r7
 11 0018  (2A) 5580                              getsp r6
 12 001A  (2E) 5C00                              push r0
 13 001C  (2E) 5C08                              push r1
 14 001E  (2E) 5C10                              push r2
 15 0020  (2E) 5C18                              push r3
 16 0022  (30) 6000                              pop r0
 17 0024  (30) 6040                              pop r1
 18 0026  (30) 6080                              pop r2
 19 0028  (30) 60C0                              pop r3
 20 002A  (66) CDC0 FF00                  mid:   loadimm r7,#FF00
 21 002E  (2B) 5638                              putsp r7
 22 0030  (2A) 5580                              getsp r6
 23 0032  (2E) 5C00                              push r0
 24 0034  (2E) 5C08                              push r1
 25 0036  (2E) 5C10                              push r2
 26 0038  (2E) 5C18                              push r3
 27 003A  (30) 6000                              pop r0
 28 003C  (30) 6040                              pop r1
 29 003E  (30) 6080                              pop r2
 30 0040  (30) 60C0                              pop r3
 31 0042  (66) CC00 0000                         loadimm r0,0
 32 0046  (66) CD40 0006                         loadimm r5,#06
 33 004A  (42) 8545 0001                   lp:   subi r5,1,r5
 34 004E  (12) 2405                              cmp r5,r0
 35 0050  (5A) B400 004A                         jnzi lp
 36 0054  (59) B200 002A                         jzi mid
 37 0058  (58) B000 0000                         jmpi start


------------------------------------------------------------------------------------------------------------------------------------
Table of Label Values
------------------------------------------------------------------------------------------------------------------------------------
Label              Address
--------------------------
start              0000
mid                002A
lp                 004A

*** End of List File:test5.asm     Completed        2024-02-06 12:29:43.525339
