
*** Start of List File:test5.asm     Completed        2024-02-04 21:45:22.271608

LN# ADDR  OPCD DATA                    SOURCE
------------------------------------------------------------------------------------------------------------------------------------
  1                                      ; test the ALU and Flags
  2
  3                                      start:
  4 0000  (00) 0000                              nop
  5 0002  (66) CC00 0000                         loadimm r0,0
  6 0006  (44) 8840 0001                         addi r0,1,r1
  7 000A  (44) 8880 0002                         addi r0,2,r2
  8 000E  (42) 84C2 0001                         subi r2,1,r3
  9 0012  (42) 8501 0001                         subi r1,1,r4
 10 0016  (66) CDC0 1000                         loadimm r7,#1000
 11 001A  (2B) 5638                              putsp r7
 12 001C  (2A) 5580                              getsp r6
 13 001E  (2E) 5C00                              push r0
 14 0020  (2E) 5C08                              push r1
 15 0022  (2E) 5C10                              push r2
 16 0024  (2E) 5C18                              push r3
 17 0026  (30) 6000                              pop r0
 18 0028  (30) 6040                              pop r1
 19 002A  (30) 6080                              pop r2
 20 002C  (30) 60C0                              pop r3
 21 002E  (66) CC00 0000                         loadimm r0,0
 22 0032  (66) CD40 00FF                         loadimm r5,#FF
 23 0036  (42) 8545 0001                   lp:   subi r5,1,r5
 24 003A  (12) 2405                              cmp r5,r0
 25 003C  (5A) B400 0036                         jnzi lp


------------------------------------------------------------------------------------------------------------------------------------
Table of Label Values
------------------------------------------------------------------------------------------------------------------------------------
Label              Address
--------------------------
start              0000
lp                 0036

*** End of List File:test5.asm     Completed        2024-02-04 21:45:22.271668
