
*** Start of List File:test7.asm     Completed        2024-02-11 19:33:17.344082

LN# ADDR  OPCD DATA                    SOURCE
------------------------------------------------------------------------------------------------------------------------------------
  1                                      ; Output FF down to 00 on the 7 seg display.
  2
  3                                      start:
  4
  5 0000  (00) 0000                              nop
  6 0002  (66) CC00 F000                         loadimm r0,#F000
  7 0006  (2B) 5600                              putsp r0
  8 0008  (66) CC00 00FF                         loadimm r0,#FF
  9 000C  (66) CC40 AA55                         loadimm r1,#AA55
 10 0010  (66) CC80 55AA                         loadimm r2,#55AA
 11 0014  (51) A200 FFF0                         storebi r0,[#FFF0]
 12 0018  (51) A200 FFF1                         storebi r0,[#FFF1]
 13 001C  (78) F000 0054                 lp:     calli sevseg
 14 0020  (42) 8400 0001                         subi r0,1,r0
 15 0024  (5A) B400 001C                         jnzi lp
 16
 17 0028  (54) A800 FFF0                         loadwi [#FFF0],r0
 18 002C  (78) F000 0054                         calli sevseg
 19 0030  (23) 4607                              shr r0,r0,8
 20 0032  (78) F000 0054                         calli sevseg
 21 0036  (08) 10D1                              or r1,r2,r3
 22 0038  (0A) 14D1                              and r1,r2,r3
 23 003A  (06) 0CD1                              xor r1,r2,r3
 24 003C  (0C) 1848                              not r1,r1
 25 003E  (06) 0CD1                              xor r1,r2,r3
 26 0040  (66) CC40 AA55                         loadimm r1,#AA55
 27 0044  (48) 9081 5555                         ori r1,#5555,r2
 28 0048  (4A) 9481 AAAA                         andi r1,#AAAA,r2
 29 004C  (46) 8C81 55AA                         xori r1,#55AA,r2
 30
 31 0050  (58) B000 0000                         jmpi start
 32
 33
 34                                      ; Subroutine to display value on 7-seg display.  Pass value in R0.  Stack must be setup.
 35                                      sevseg:
 36 0054  (2E) 5C08                              push r1
 37 0056  (2E) 5C10                              push r2
 38 0058  (66) CC80 007C                         loadimm r2,sevsegd
 39 005C  (4A) 9440 000F                         andi r0,#000F,r1
 40 0060  (04) 0851                              add r1,r2,r1
 41 0062  (15) 2AC8                              loadbr r1,r3
 42 0064  (51) A203 FFF0                         storebi r3,[#FFF0]
 43 0068  (4A) 9440 00F0                         andi r0,#00F0,r1
 44 006C  (23) 464B                              shr r1,r1,4
 45 006E  (04) 0851                              add r1,r2,r1
 46 0070  (15) 2AC8                              loadbr r1,r3
 47 0072  (51) A203 FFF1                         storebi r3,[#FFF1]
 48 0076  (30) 6080                              pop r2
 49 0078  (30) 6040                              pop r1
 50 007A  (38) 7000                              ret
 51
 52
 53
 54                                      sevsegd:
 55                                              ;    0   1   2   3   4   5   6   7   8   9   a   b   c   d   e   f
 56 007C       81 F3 49 61 33 25 05 F1           db #81,#F3,#49,#61,#33,#25,#05,#F1,#01,#21,#11,#07,#8D,#43,#0D,#1D
 56 0084       01 21 11 07 8D 43 0D 1D


------------------------------------------------------------------------------------------------------------------------------------
Table of Label Values
------------------------------------------------------------------------------------------------------------------------------------
Label              Address
--------------------------
start              0000
lp                 001C
sevseg             0054
sevsegd            007C

*** End of List File:test7.asm     Completed        2024-02-11 19:33:17.344201
