
*** Start of List File:test.asm     Completed        2024-01-31 21:00:44.784697

LN# ADDR  DATA                    SOURCE
------------------------------------------------------------------------------------------------------------------------------------
  1                               ; newline comment
  2
  3                               start:
  4 0000  0000                             nop
  5 0002  cc00 0000                        loadimm r0,0
  6 0006  cc40 0001                        loadimm r1,1
  7 000A  0888                             add r0,r1,r2
  8 000C  08d1                             add r1,r2,r3
  9 000E  091a                             add r2,r3,r4
 10 0010  0963                             add r3,r4,r5
 11 0012  09ac                             add r4,r5,r6
 12 0014  09f5                             add r5,r6,r7
 13 0016  cc00 aa55                        loadimm r0,#aa55
 14 001A  4641                             shr r0,r1,1
 15 001C  4689                             shr r1,r2,1
 16 001E  46d1                             shr r2,r3,1
 17 0020  4719                             shr r3,r4,1
 18 0022  4761                             shr r4,r5,1
 19 0024  cd80 55aa                        loadimm r6,#55aa
 20 0028  47b2                             shr r6,r6,2
 21 002A  47b2                             shr r6,r6,2
 22 002C  47b2                             shr r6,r6,2
 23 002E  47b2                             shr r6,r6,2
 24 0030  ccc0 0010                mid:    loadimm r3,16
 25 0034  cc80 0001                        loadimm r2,1
 26 0038  04d3                             sub r3,r2,r3
 27 003A  d400 fff2                        jnzri mid
 28 003E  cd00 1234                        loadimm r4,#1234
 29 0042  4721                     mid2:   shr r4,r4,1
 30 0044  d400 ffe8                        jnzri mid
 31 0048  cd40 00aa                        loadimm r5,#aa
 32 004C  a980 fff0                        loadwi #FFF0,r6
 33 0050  a006 fff0                        storewi r6,#FFF0
 34 0054  b000 0000                        jmpi start
 35
 36                               data:
 37 0058  41 42 43 44 45 46 47 48          db 65,66,67,68,69,70,71,72,73,65,66,67,68,69,70,71,72,73,65,66,67,68,69,70,71,72,7
 37 0060  49 41 42 43 44 45 46 47
 37 0068  48 49 41 42 43 44 45 46
 37 0070  47 48 49
 38 0073  41 43 ff fe                      db 65,67,-1,-2
 39 0077  55 aa 22 11 33 22 44 33          dw #aa55,#1122,#2233,#3344,#21,1,-1
 39 007F  21 00 01 00 ff ff


------------------------------------------------------------------------------------------------------------------------------------
Table of Label Values
------------------------------------------------------------------------------------------------------------------------------------
Label          Address
----------------------
start          0000
mid            0030
mid2           0042
data           0058

*** End of List File:test.asm     Completed        2024-01-31 21:00:44.784810
