
*** Start of List File:test1.asm     Completed        2024-02-01 19:43:17.495985

LN# ADDR  OPCD DATA                    SOURCE
------------------------------------------------------------------------------------------------------------------------------------
  1                                ; test the ALU and Flags
  2
  3                                start:
  4 0000  (00) 0000                              nop
  5 0002  (66) CC00 0000                         loadimm r0,0
  6 0006  (66) CC40 0001                         loadimm r1,1
  7 000A  (04) 0888                              add r0,r1,r2    ; should have 1 in r2, zero flag cleared.
  8 000C  (66) CC00 00FF                         loadimm r0,255
  9 0010  (04) 0888                              add r0,r1,r2    ; should have 256 in r2, zero flag cleared.
 10 0012  (66) CC40 0001                         loadimm r1,1
 11 0016  (66) CC00 0001                         loadimm r0,1
 12 001A  (02) 0481                              sub r1,r0,r2    ; should have 0 in r2, zero flag set
 13 001C  (66) CC80 AA55                         loadimm r2,#aa55
 14 0020  (66) CC00 FFFF                         loadimm r0,#FFFF
 15 0024  (66) CC40 0001                         loadimm r1,1
 16 0028  (04) 0888                              add r0,r1,r2    ; should have 0 in r2, zero flag, and carry flag
 17 002A  (13) 2600                              cmpc            ; invert the carry flag, so it should be off.
 18 002C  (13) 2600                              cmpc            ; invert it again so it should be on now.
 19 002E  (66) CC00 0000                         loadimm r0,0
 20 0032  (66) CC40 0001                         loadimm r1,1
 21 0036  (05) 0A88                              addc r0,r1,r2   ; r2 should be 2, since 1+0+CF = 2 CF will clear
 22 0038  (00) 0000                              nop
 23 003A  (66) CC00 9000                         loadimm r0,#9000
 24 003E  (66) CC40 A000                         loadimm r1,#A000
 25 0042  (04) 0948                              add r0,r1,r5     ;r5=#3000, ovf=1, cf=1
 26 0044  (66) CC00 000A                         loadimm r0,10
 27 0048  (66) CC40 0002                         loadimm r1,2
 28 004C  (02) 0488                              sub r0,r1,r2    ; r2=8, ZF,CF,OV=0
 29 004E  (66) CC00 000A                         loadimm r0,10
 30 0052  (66) CC40 000B                         loadimm r1,11
 31 0056  (02) 0488                              sub r0,r1,r2    ; r2=FFFF, CF=1, OV=0, ZF=0
 32 0058  (00) 0000                              nop
 33 005A  (03) 0688                              subc r0,r1,r2   ; since carry flag should be 1 coming in, this should subtract and
 34 005C  (00) 0000                              nop
 35 005E  (66) CC00 9000                         loadimm r0,#9000
 36 0062  (66) CC40 4000                         loadimm r1,#4000
 37 0066  (02) 0488                              sub r0,r1,r2    ; r2=5000, CF=0, OV=1, ZF=0
 38 0068  (58) B000 0000                         jmpi start
 39
 40                                data:
 41 006C       41 42 43 44 45 46 47 48           db 65,66,67,68,69,70,71,72,73,65,66,67,68,69,70,71,72,73,65,66,67,68,69,70,71,72,7
 41 0074       49 41 42 43 44 45 46 47
 41 007C       48 49 41 42 43 44 45 46
 41 0084       47 48 49
 42 0087       41 43 FF FE                       db 65,67,-1,-2
 43 008B       55 AA 22 11 33 22 44 33           dw #aa55,#1122,#2233,#3344,#21,1,-1
 43 0093       21 00 01 00 FF FF
 44 0099       74 65 73 74 69 6E 67 20           ds "Testing 1 2 3 This is a test string"
 44 00A1       31 20 32 20 33 20 74 68
 44 00A9       69 73 20 69 73 20 61 20
 44 00B1       74 65 73 74 20 73 74 72
 44 00B9       69 6E 67


------------------------------------------------------------------------------------------------------------------------------------
Table of Label Values
------------------------------------------------------------------------------------------------------------------------------------
Label              Address
--------------------------
start              0000
data               006C

*** End of List File:test1.asm     Completed        2024-02-01 19:43:17.496120
