LISTING FOR LOGIC DESCRIPTION FILE: K9MEMDCD.pld                     Page 1

CUPL(WM): Universal Compiler for Programmable Logic
Version 5.0a Serial# 60008009
Copyright (c) 1983, 1998 Logical Devices, Inc.
Created Sat Dec 30 22:30:44 2023

  1:Name     K9MEMCD;
  2:PartNo   K9MEMCD;
  3:Date     04/18/2022;
  4:Revision 01;
  5:Designer Sponaugle;
  6:Company  Ratiometric;
  7:Assembly None;
  8:Location None;
  9:Device   f1504ispplcc44;
 10:      
 11:
 12:PROPERTY ATMEL {TDI_PULLUP = ON};
 13:PROPERTY ATMEL {TMS_PULLUP = ON};
 14:PROPERTY ATMEL {PREASSIGN = KEEP};
 15:PROPERTY ATMEL {XOR_SYNTHESIS = OFF};
 16:
 17:/* Input Pins 43,44,1,2*/
 18:
 19:Pin[1] = MEM_AS;
 20:Pin[2] = MEM_RW;
 21:Pin[43] = MEM_L_EN;
 22:Pin[44] = MEM_H_EN;
 23:Pin[16,17,18,19,20,21,24,25,26,27,28,29,31,33,34] = [A1..15];
 24:
 25:Pin[41] = RAM_HIGH_CS;
 26:Pin[40] = RAM_LOW_CS;
 27:Pin[39] = RAM_OE;
 28:Pin[37] = RAM_WE;
 29:Pin[36] = ROM_HIGH_CS;
 30:Pin[4] = ROM_LOW_CS;
 31:Pin[5] = ROM_OE;
 32:Pin[6] = ROM_WE;
 33:
 34:Pin[8] = SW_LOW_READ;
 35:Pin[9] = SW_HIGH_READ;
 36:Pin[11] = SEVEN_LOW_WRITE;
 37:Pin[12] = SEVEN_HIGH_WRITE;
 38:Pin[14] = UNUSED;
 39:
 40:UNUSED = A1#A2#A3#A4;
 41:
 42:FIELD addr = [A1..15];
 43:
 44:/* Memory Map 
 45:
 46:    ROM 0x0000 - 0x7FFF
 47:    RAM 0x8000 - 0xFFF0
 48:
 49:*/
 50:
 51:ROM_ACCESS = (!MEM_AS & addr:['b'0XXXXXXXXXXXXXXX]);
 52:RAM_ACCESS = (!MEM_AS & ( addr:['b'1XXXXXXXXXXXXXXX] & !(addr:['b'111111111111XXXX])));
 53:

LISTING FOR LOGIC DESCRIPTION FILE: K9MEMDCD.pld                     Page 2

CUPL(WM): Universal Compiler for Programmable Logic
Version 5.0a Serial# 60008009
Copyright (c) 1983, 1998 Logical Devices, Inc.
Created Sat Dec 30 22:30:44 2023

 54:SW_LOW_READ =  (!MEM_AS & addr:['h'FFF0] & MEM_RW & !MEM_L_EN);
 55:SW_HIGH_READ = (!MEM_AS & addr:['h'FFF0] & MEM_RW & !MEM_H_EN);
 56:SEVEN_LOW_WRITE = (!MEM_AS & addr:['h'FFF0] & !MEM_RW & !MEM_L_EN);
 57:SEVEN_HIGH_WRITE = (!MEM_AS & addr:['h'FFF0] & !MEM_RW & !MEM_H_EN);
 58:
 59:
 60:RAM_HIGH_CS = !( RAM_ACCESS & !MEM_H_EN
 61:                );
 62:
 63:RAM_LOW_CS = !( RAM_ACCESS & !MEM_L_EN
 64:                );                
 65:
 66:ROM_HIGH_CS = !( ROM_ACCESS & !MEM_H_EN
 67:                );
 68:
 69:ROM_LOW_CS = !( ROM_ACCESS & !MEM_L_EN
 70:                );  
 71:
 72:RAM_OE = !( RAM_ACCESS & MEM_RW
 73:                );
 74:
 75:RAM_WE = !( RAM_ACCESS & !MEM_RW
 76:                );
 77:
 78:ROM_OE = !( ROM_ACCESS & MEM_RW
 79:                );
 80:
 81:ROM_WE = !( ROM_ACCESS & !MEM_RW
 82:                );
 83:
 84:
 85:



